Analysis & Synthesis report for jpjr
Thu May 07 15:03:36 2026
Quartus Prime Version 18.1.0 Build 625 09/12/2018 SJ Lite Edition


---------------------
; Table of Contents ;
---------------------
  1. Legal Notice
  2. Analysis & Synthesis Summary
  3. Analysis & Synthesis Settings
  4. Parallel Compilation
  5. Analysis & Synthesis Source Files Read
  6. Analysis & Synthesis Resource Usage Summary
  7. Analysis & Synthesis Resource Utilization by Entity
  8. State Machine - |mouseTop|MOUSE:mouse_inst|mouse_state
  9. Registers Removed During Synthesis
 10. General Register Statistics
 11. Inverted Register Statistics
 12. Multiplexer Restructuring Statistics (Restructuring Performed)
 13. Post-Synthesis Netlist Statistics for Top Partition
 14. Elapsed Time Per Partition
 15. Analysis & Synthesis Messages



----------------
; Legal Notice ;
----------------
Copyright (C) 2018  Intel Corporation. All rights reserved.
Your use of Intel Corporation's design tools, logic functions 
and other software and tools, and its AMPP partner logic 
functions, and any output files from any of the foregoing 
(including device programming or simulation files), and any 
associated documentation or information are expressly subject 
to the terms and conditions of the Intel Program License 
Subscription Agreement, the Intel Quartus Prime License Agreement,
the Intel FPGA IP License Agreement, or other applicable license
agreement, including, without limitation, that your use is for
the sole purpose of programming logic devices manufactured by
Intel and sold by Intel or its authorized distributors.  Please
refer to the applicable agreement for further details.



+-------------------------------------------------------------------------------+
; Analysis & Synthesis Summary                                                  ;
+---------------------------------+---------------------------------------------+
; Analysis & Synthesis Status     ; Successful - Thu May 07 15:03:36 2026       ;
; Quartus Prime Version           ; 18.1.0 Build 625 09/12/2018 SJ Lite Edition ;
; Revision Name                   ; jpjr                                        ;
; Top-level Entity Name           ; mouseTop                                    ;
; Family                          ; Cyclone V                                   ;
; Logic utilization (in ALMs)     ; N/A                                         ;
; Total registers                 ; 169                                         ;
; Total pins                      ; 83                                          ;
; Total virtual pins              ; 0                                           ;
; Total block memory bits         ; 0                                           ;
; Total DSP Blocks                ; 0                                           ;
; Total HSSI RX PCSs              ; 0                                           ;
; Total HSSI PMA RX Deserializers ; 0                                           ;
; Total HSSI TX PCSs              ; 0                                           ;
; Total HSSI PMA TX Serializers   ; 0                                           ;
; Total PLLs                      ; 0                                           ;
; Total DLLs                      ; 0                                           ;
+---------------------------------+---------------------------------------------+


+---------------------------------------------------------------------------------------------------------------------------+
; Analysis & Synthesis Settings                                                                                             ;
+---------------------------------------------------------------------------------+--------------------+--------------------+
; Option                                                                          ; Setting            ; Default Value      ;
+---------------------------------------------------------------------------------+--------------------+--------------------+
; Device                                                                          ; 5CEBA4F23C7        ;                    ;
; Top-level entity name                                                           ; mouseTop           ; jpjr               ;
; Family name                                                                     ; Cyclone V          ; Cyclone V          ;
; Optimization Technique                                                          ; Speed              ; Balanced           ;
; Use smart compilation                                                           ; Off                ; Off                ;
; Enable parallel Assembler and Timing Analyzer during compilation                ; On                 ; On                 ;
; Enable compact report table                                                     ; Off                ; Off                ;
; Restructure Multiplexers                                                        ; Auto               ; Auto               ;
; MLAB Add Timing Constraints For Mixed-Port Feed-Through Mode Setting Don't Care ; Off                ; Off                ;
; Create Debugging Nodes for IP Cores                                             ; Off                ; Off                ;
; Preserve fewer node names                                                       ; On                 ; On                 ;
; Intel FPGA IP Evaluation Mode                                                   ; Enable             ; Enable             ;
; Verilog Version                                                                 ; Verilog_2001       ; Verilog_2001       ;
; VHDL Version                                                                    ; VHDL_1993          ; VHDL_1993          ;
; State Machine Processing                                                        ; Auto               ; Auto               ;
; Safe State Machine                                                              ; Off                ; Off                ;
; Extract Verilog State Machines                                                  ; On                 ; On                 ;
; Extract VHDL State Machines                                                     ; On                 ; On                 ;
; Ignore Verilog initial constructs                                               ; Off                ; Off                ;
; Iteration limit for constant Verilog loops                                      ; 5000               ; 5000               ;
; Iteration limit for non-constant Verilog loops                                  ; 250                ; 250                ;
; Add Pass-Through Logic to Inferred RAMs                                         ; On                 ; On                 ;
; Infer RAMs from Raw Logic                                                       ; On                 ; On                 ;
; Parallel Synthesis                                                              ; On                 ; On                 ;
; DSP Block Balancing                                                             ; Auto               ; Auto               ;
; NOT Gate Push-Back                                                              ; On                 ; On                 ;
; Power-Up Don't Care                                                             ; On                 ; On                 ;
; Remove Redundant Logic Cells                                                    ; Off                ; Off                ;
; Remove Duplicate Registers                                                      ; On                 ; On                 ;
; Ignore CARRY Buffers                                                            ; Off                ; Off                ;
; Ignore CASCADE Buffers                                                          ; Off                ; Off                ;
; Ignore GLOBAL Buffers                                                           ; Off                ; Off                ;
; Ignore ROW GLOBAL Buffers                                                       ; Off                ; Off                ;
; Ignore LCELL Buffers                                                            ; Off                ; Off                ;
; Ignore SOFT Buffers                                                             ; On                 ; On                 ;
; Limit AHDL Integers to 32 Bits                                                  ; Off                ; Off                ;
; Carry Chain Length                                                              ; 70                 ; 70                 ;
; Auto Carry Chains                                                               ; On                 ; On                 ;
; Auto Open-Drain Pins                                                            ; On                 ; On                 ;
; Perform WYSIWYG Primitive Resynthesis                                           ; Off                ; Off                ;
; Auto ROM Replacement                                                            ; On                 ; On                 ;
; Auto RAM Replacement                                                            ; On                 ; On                 ;
; Auto DSP Block Replacement                                                      ; On                 ; On                 ;
; Auto Shift Register Replacement                                                 ; Auto               ; Auto               ;
; Allow Shift Register Merging across Hierarchies                                 ; Auto               ; Auto               ;
; Auto Clock Enable Replacement                                                   ; On                 ; On                 ;
; Strict RAM Replacement                                                          ; Off                ; Off                ;
; Allow Synchronous Control Signals                                               ; On                 ; On                 ;
; Force Use of Synchronous Clear Signals                                          ; Off                ; Off                ;
; Auto Resource Sharing                                                           ; Off                ; Off                ;
; Allow Any RAM Size For Recognition                                              ; Off                ; Off                ;
; Allow Any ROM Size For Recognition                                              ; Off                ; Off                ;
; Allow Any Shift Register Size For Recognition                                   ; Off                ; Off                ;
; Use LogicLock Constraints during Resource Balancing                             ; On                 ; On                 ;
; Ignore translate_off and synthesis_off directives                               ; Off                ; Off                ;
; Timing-Driven Synthesis                                                         ; On                 ; On                 ;
; Report Parameter Settings                                                       ; On                 ; On                 ;
; Report Source Assignments                                                       ; On                 ; On                 ;
; Report Connectivity Checks                                                      ; On                 ; On                 ;
; Ignore Maximum Fan-Out Assignments                                              ; Off                ; Off                ;
; Synchronization Register Chain Length                                           ; 3                  ; 3                  ;
; Power Optimization During Synthesis                                             ; Normal compilation ; Normal compilation ;
; HDL message level                                                               ; Level2             ; Level2             ;
; Suppress Register Optimization Related Messages                                 ; Off                ; Off                ;
; Number of Removed Registers Reported in Synthesis Report                        ; 5000               ; 5000               ;
; Number of Swept Nodes Reported in Synthesis Report                              ; 5000               ; 5000               ;
; Number of Inverted Registers Reported in Synthesis Report                       ; 100                ; 100                ;
; Clock MUX Protection                                                            ; On                 ; On                 ;
; Auto Gated Clock Conversion                                                     ; Off                ; Off                ;
; Block Design Naming                                                             ; Auto               ; Auto               ;
; SDC constraint protection                                                       ; Off                ; Off                ;
; Synthesis Effort                                                                ; Auto               ; Auto               ;
; Shift Register Replacement - Allow Asynchronous Clear Signal                    ; On                 ; On                 ;
; Pre-Mapping Resynthesis Optimization                                            ; Off                ; Off                ;
; Analysis & Synthesis Message Level                                              ; Medium             ; Medium             ;
; Disable Register Merging Across Hierarchies                                     ; Auto               ; Auto               ;
; Resource Aware Inference For Block RAM                                          ; On                 ; On                 ;
; Automatic Parallel Synthesis                                                    ; On                 ; On                 ;
; Partial Reconfiguration Bitstream ID                                            ; Off                ; Off                ;
+---------------------------------------------------------------------------------+--------------------+--------------------+


+------------------------------------------+
; Parallel Compilation                     ;
+----------------------------+-------------+
; Processors                 ; Number      ;
+----------------------------+-------------+
; Number detected on machine ; 22          ;
; Maximum allowed            ; 16          ;
;                            ;             ;
; Average used               ; 1.00        ;
; Maximum used               ; 16          ;
;                            ;             ;
; Usage by Processor         ; % Time Used ;
;     Processor 1            ; 100.0%      ;
;     Processor 2            ;   0.0%      ;
;     Processors 3-16        ;   0.0%      ;
+----------------------------+-------------+


+---------------------------------------------------------------------------------------------------------------------------------+
; Analysis & Synthesis Source Files Read                                                                                          ;
+--------------------------------------+-----------------+-----------------+--------------------------------------------+---------+
; File Name with User-Entered Path     ; Used in Netlist ; File Type       ; File Name with Absolute Path               ; Library ;
+--------------------------------------+-----------------+-----------------+--------------------------------------------+---------+
; ../MiniprojectResources/vga_sync.vhd ; yes             ; User VHDL File  ; C:/CS305/MiniprojectResources/vga_sync.vhd ;         ;
; ../MiniprojectResources/mouse.vhd    ; yes             ; User VHDL File  ; C:/CS305/MiniprojectResources/mouse.vhd    ;         ;
; mouseTop.vhd                         ; yes             ; User VHDL File  ; C:/CS305/projectQuart/mouseTop.vhd         ;         ;
+--------------------------------------+-----------------+-----------------+--------------------------------------------+---------+


+---------------------------------------------------------------------------------+
; Analysis & Synthesis Resource Usage Summary                                     ;
+---------------------------------------------+-----------------------------------+
; Resource                                    ; Usage                             ;
+---------------------------------------------+-----------------------------------+
; Estimate of Logic utilization (ALMs needed) ; 154                               ;
;                                             ;                                   ;
; Combinational ALUT usage for logic          ; 260                               ;
;     -- 7 input functions                    ; 1                                 ;
;     -- 6 input functions                    ; 37                                ;
;     -- 5 input functions                    ; 30                                ;
;     -- 4 input functions                    ; 60                                ;
;     -- <=3 input functions                  ; 132                               ;
;                                             ;                                   ;
; Dedicated logic registers                   ; 169                               ;
;                                             ;                                   ;
; I/O pins                                    ; 83                                ;
;                                             ;                                   ;
; Total DSP Blocks                            ; 0                                 ;
;                                             ;                                   ;
; Maximum fan-out node                        ; MOUSE:mouse_inst|MOUSE_CLK_FILTER ;
; Maximum fan-out                             ; 93                                ;
; Total fan-out                               ; 1628                              ;
; Average fan-out                             ; 2.73                              ;
+---------------------------------------------+-----------------------------------+


+------------------------------------------------------------------------------------------------------------------------------------------------------------------------------------------------+
; Analysis & Synthesis Resource Utilization by Entity                                                                                                                                            ;
+----------------------------+---------------------+---------------------------+-------------------+------------+------+--------------+-----------------------------+-------------+--------------+
; Compilation Hierarchy Node ; Combinational ALUTs ; Dedicated Logic Registers ; Block Memory Bits ; DSP Blocks ; Pins ; Virtual Pins ; Full Hierarchy Name         ; Entity Name ; Library Name ;
+----------------------------+---------------------+---------------------------+-------------------+------------+------+--------------+-----------------------------+-------------+--------------+
; |mouseTop                  ; 260 (109)           ; 169 (1)                   ; 0                 ; 0          ; 83   ; 0            ; |mouseTop                   ; mouseTop    ; work         ;
;    |MOUSE:mouse_inst|      ; 107 (107)           ; 120 (120)                 ; 0                 ; 0          ; 0    ; 0            ; |mouseTop|MOUSE:mouse_inst  ; MOUSE       ; work         ;
;    |VGA_SYNC:vga_inst|     ; 44 (44)             ; 48 (48)                   ; 0                 ; 0          ; 0    ; 0            ; |mouseTop|VGA_SYNC:vga_inst ; VGA_SYNC    ; work         ;
+----------------------------+---------------------+---------------------------+-------------------+------------+------+--------------+-----------------------------+-------------+--------------+
Note: For table entries with two numbers listed, the numbers in parentheses indicate the number of resources of the given type used by the specific entity alone. The numbers listed outside of parentheses indicate the total resources of the given type used by the specific entity and all of its sub-entities in the hierarchy.


Encoding Type:  One-Hot
+---------------------------------------------------------------------------------------------------------------------------------------------------------------------------------------------------------+
; State Machine - |mouseTop|MOUSE:mouse_inst|mouse_state                                                                                                                                                  ;
+-------------------------------+---------------------------+--------------------------+-------------------------------+---------------------------+--------------------------+---------------------------+
; Name                          ; mouse_state.INPUT_PACKETS ; mouse_state.WAIT_CMD_ACK ; mouse_state.WAIT_OUTPUT_READY ; mouse_state.LOAD_COMMAND2 ; mouse_state.LOAD_COMMAND ; mouse_state.INHIBIT_TRANS ;
+-------------------------------+---------------------------+--------------------------+-------------------------------+---------------------------+--------------------------+---------------------------+
; mouse_state.INHIBIT_TRANS     ; 0                         ; 0                        ; 0                             ; 0                         ; 0                        ; 0                         ;
; mouse_state.LOAD_COMMAND      ; 0                         ; 0                        ; 0                             ; 0                         ; 1                        ; 1                         ;
; mouse_state.LOAD_COMMAND2     ; 0                         ; 0                        ; 0                             ; 1                         ; 0                        ; 1                         ;
; mouse_state.WAIT_OUTPUT_READY ; 0                         ; 0                        ; 1                             ; 0                         ; 0                        ; 1                         ;
; mouse_state.WAIT_CMD_ACK      ; 0                         ; 1                        ; 0                             ; 0                         ; 0                        ; 1                         ;
; mouse_state.INPUT_PACKETS     ; 1                         ; 0                        ; 0                             ; 0                         ; 0                        ; 1                         ;
+-------------------------------+---------------------------+--------------------------+-------------------------------+---------------------------+--------------------------+---------------------------+


+---------------------------------------------------------------------------------+
; Registers Removed During Synthesis                                              ;
+----------------------------------------+----------------------------------------+
; Register name                          ; Reason for Removal                     ;
+----------------------------------------+----------------------------------------+
; MOUSE:mouse_inst|CHAROUT[4..7]         ; Stuck at VCC due to stuck port data_in ;
; MOUSE:mouse_inst|CHAROUT[3]            ; Stuck at GND due to stuck port data_in ;
; MOUSE:mouse_inst|CHAROUT[2]            ; Stuck at VCC due to stuck port data_in ;
; MOUSE:mouse_inst|CHAROUT[0,1]          ; Stuck at GND due to stuck port data_in ;
; MOUSE:mouse_inst|SHIFTOUT[10]          ; Stuck at VCC due to stuck port data_in ;
; MOUSE:mouse_inst|cursor_row[9]         ; Stuck at GND due to stuck port data_in ;
; VGA_SYNC:vga_inst|pixel_row[9]         ; Stuck at GND due to stuck port data_in ;
; Total Number of Removed Registers = 11 ;                                        ;
+----------------------------------------+----------------------------------------+


+------------------------------------------------------+
; General Register Statistics                          ;
+----------------------------------------------+-------+
; Statistic                                    ; Value ;
+----------------------------------------------+-------+
; Total registers                              ; 169   ;
; Number of registers using Synchronous Clear  ; 28    ;
; Number of registers using Synchronous Load   ; 20    ;
; Number of registers using Asynchronous Clear ; 44    ;
; Number of registers using Asynchronous Load  ; 0     ;
; Number of registers using Clock Enable       ; 130   ;
; Number of registers using Preset             ; 0     ;
+----------------------------------------------+-------+


+--------------------------------------------------+
; Inverted Register Statistics                     ;
+----------------------------------------+---------+
; Inverted Register                      ; Fan out ;
+----------------------------------------+---------+
; MOUSE:mouse_inst|send_char             ; 3       ;
; MOUSE:mouse_inst|SHIFTOUT[3]           ; 1       ;
; MOUSE:mouse_inst|SHIFTOUT[5]           ; 1       ;
; MOUSE:mouse_inst|SHIFTOUT[6]           ; 1       ;
; MOUSE:mouse_inst|SHIFTOUT[7]           ; 1       ;
; MOUSE:mouse_inst|SHIFTOUT[8]           ; 1       ;
; Total number of inverted registers = 6 ;         ;
+----------------------------------------+---------+


+---------------------------------------------------------------------------------------------------------------------------------------------------------------+
; Multiplexer Restructuring Statistics (Restructuring Performed)                                                                                                ;
+--------------------+-----------+---------------+----------------------+------------------------+------------+-------------------------------------------------+
; Multiplexer Inputs ; Bus Width ; Baseline Area ; Area if Restructured ; Saving if Restructured ; Registered ; Example Multiplexer Output                      ;
+--------------------+-----------+---------------+----------------------+------------------------+------------+-------------------------------------------------+
; 3:1                ; 20 bits   ; 40 LEs        ; 20 LEs               ; 20 LEs                 ; Yes        ; |mouseTop|MOUSE:mouse_inst|new_cursor_column[0] ;
; 3:1                ; 10 bits   ; 20 LEs        ; 0 LEs                ; 20 LEs                 ; Yes        ; |mouseTop|VGA_SYNC:vga_inst|v_count[0]          ;
; 5:1                ; 8 bits    ; 24 LEs        ; 8 LEs                ; 16 LEs                 ; Yes        ; |mouseTop|MOUSE:mouse_inst|cursor_column[1]     ;
; 5:1                ; 2 bits    ; 6 LEs         ; 4 LEs                ; 2 LEs                  ; Yes        ; |mouseTop|MOUSE:mouse_inst|cursor_column[8]     ;
; 5:1                ; 6 bits    ; 18 LEs        ; 12 LEs               ; 6 LEs                  ; Yes        ; |mouseTop|MOUSE:mouse_inst|cursor_row[8]        ;
; 5:1                ; 4 bits    ; 12 LEs        ; 8 LEs                ; 4 LEs                  ; Yes        ; |mouseTop|MOUSE:mouse_inst|cursor_row[6]        ;
+--------------------+-----------+---------------+----------------------+------------------------+------------+-------------------------------------------------+


+-----------------------------------------------------+
; Post-Synthesis Netlist Statistics for Top Partition ;
+-----------------------+-----------------------------+
; Type                  ; Count                       ;
+-----------------------+-----------------------------+
; arriav_ff             ; 169                         ;
;     CLR               ; 9                           ;
;     ENA               ; 57                          ;
;     ENA CLR           ; 35                          ;
;     ENA SCLR          ; 18                          ;
;     ENA SLD           ; 20                          ;
;     SCLR              ; 10                          ;
;     plain             ; 20                          ;
; arriav_io_obuf        ; 2                           ;
; arriav_lcell_comb     ; 266                         ;
;     arith             ; 78                          ;
;         0 data inputs ; 5                           ;
;         1 data inputs ; 60                          ;
;         2 data inputs ; 13                          ;
;     extend            ; 1                           ;
;         7 data inputs ; 1                           ;
;     normal            ; 177                         ;
;         0 data inputs ; 1                           ;
;         1 data inputs ; 12                          ;
;         2 data inputs ; 19                          ;
;         3 data inputs ; 18                          ;
;         4 data inputs ; 60                          ;
;         5 data inputs ; 30                          ;
;         6 data inputs ; 37                          ;
;     shared            ; 10                          ;
;         1 data inputs ; 1                           ;
;         2 data inputs ; 9                           ;
; boundary_port         ; 83                          ;
;                       ;                             ;
; Max LUT depth         ; 5.40                        ;
; Average LUT depth     ; 2.36                        ;
+-----------------------+-----------------------------+


+-------------------------------+
; Elapsed Time Per Partition    ;
+----------------+--------------+
; Partition Name ; Elapsed Time ;
+----------------+--------------+
; Top            ; 00:00:00     ;
+----------------+--------------+


+-------------------------------+
; Analysis & Synthesis Messages ;
+-------------------------------+
Info: *******************************************************************
Info: Running Quartus Prime Analysis & Synthesis
    Info: Version 18.1.0 Build 625 09/12/2018 SJ Lite Edition
    Info: Processing started: Thu May 07 15:03:26 2026
Info: Command: quartus_map --read_settings_files=on --write_settings_files=off jpjr -c jpjr
Info (125069): Default assignment values were changed in the current version of the Quartus Prime software -- changes to default assignments values are contained in file c:/intelfpga_lite/18.1/quartus/bin64/assignment_defaults.qdf
Warning (18236): Number of processors has not been specified which may cause overloading on shared machines.  Set the global assignment NUM_PARALLEL_PROCESSORS in your QSF to an appropriate value for best performance.
Info (20030): Parallel compilation is enabled and will use 16 of the 16 processors detected
Info (12021): Found 2 design units, including 1 entities, in source file /cs305/miniprojectresources/vga_sync.vhd
    Info (12022): Found design unit 1: VGA_SYNC-a File: C:/CS305/MiniprojectResources/vga_sync.vhd Line: 13
    Info (12023): Found entity 1: VGA_SYNC File: C:/CS305/MiniprojectResources/vga_sync.vhd Line: 7
Info (12021): Found 2 design units, including 1 entities, in source file /cs305/miniprojectresources/mouse.vhd
    Info (12022): Found design unit 1: MOUSE-behavior File: C:/CS305/MiniprojectResources/mouse.vhd Line: 18
    Info (12023): Found entity 1: MOUSE File: C:/CS305/MiniprojectResources/mouse.vhd Line: 9
Info (12021): Found 2 design units, including 1 entities, in source file /cs305/miniprojectresources/bouncy_ball.vhd
    Info (12022): Found design unit 1: bouncy_ball-behavior File: C:/CS305/MiniprojectResources/bouncy_ball.vhd Line: 14
    Info (12023): Found entity 1: bouncy_ball File: C:/CS305/MiniprojectResources/bouncy_ball.vhd Line: 7
Info (12021): Found 2 design units, including 1 entities, in source file /cs305/miniprojectresources/ball.vhd
    Info (12022): Found design unit 1: ball-behavior File: C:/CS305/MiniprojectResources/ball.vhd Line: 14
    Info (12023): Found entity 1: ball File: C:/CS305/MiniprojectResources/ball.vhd Line: 7
Info (12021): Found 1 design units, including 1 entities, in source file de0_cv_golden_top.v
    Info (12023): Found entity 1: DE0_CV_golden_top File: C:/CS305/projectQuart/DE0_CV_golden_top.v Line: 54
Info (12021): Found 2 design units, including 1 entities, in source file mousetop.vhd
    Info (12022): Found design unit 1: mouseTop-rtl File: C:/CS305/projectQuart/mouseTop.vhd Line: 31
    Info (12023): Found entity 1: mouseTop File: C:/CS305/projectQuart/mouseTop.vhd Line: 5
Info (12127): Elaborating entity "mouseTop" for the top level hierarchy
Info (12128): Elaborating entity "MOUSE" for hierarchy "MOUSE:mouse_inst" File: C:/CS305/projectQuart/mouseTop.vhd Line: 90
Warning (10036): Verilog HDL or VHDL warning at mouse.vhd(25): object "CHARIN" assigned a value but never read File: C:/CS305/MiniprojectResources/mouse.vhd Line: 25
Warning (10492): VHDL Process Statement warning at mouse.vhd(151): signal "CHAROUT" is read inside the Process Statement but isn't in the Process Statement's sensitivity list File: C:/CS305/MiniprojectResources/mouse.vhd Line: 151
Warning (10492): VHDL Process Statement warning at mouse.vhd(155): signal "CHAROUT" is read inside the Process Statement but isn't in the Process Statement's sensitivity list File: C:/CS305/MiniprojectResources/mouse.vhd Line: 155
Warning (10492): VHDL Process Statement warning at mouse.vhd(156): signal "CHAROUT" is read inside the Process Statement but isn't in the Process Statement's sensitivity list File: C:/CS305/MiniprojectResources/mouse.vhd Line: 156
Warning (10492): VHDL Process Statement warning at mouse.vhd(157): signal "CHAROUT" is read inside the Process Statement but isn't in the Process Statement's sensitivity list File: C:/CS305/MiniprojectResources/mouse.vhd Line: 157
Info (12128): Elaborating entity "VGA_SYNC" for hierarchy "VGA_SYNC:vga_inst" File: C:/CS305/projectQuart/mouseTop.vhd Line: 113
Info (13000): Registers with preset signals will power-up high File: C:/CS305/MiniprojectResources/mouse.vhd Line: 146
Info (13003): DEV_CLRn pin will set, and not reset, register with preset signal due to NOT Gate Push-Back
Warning (13024): Output pins are stuck at VCC or GND
    Warning (13410): Pin "HEX4[1]" is stuck at GND File: C:/CS305/projectQuart/mouseTop.vhd Line: 17
Info (286030): Timing-Driven Synthesis is running
Info (16010): Generating hard_block partition "hard_block:auto_generated_inst"
    Info (16011): Adding 0 node(s), including 0 DDIO, 0 PLL, 0 transceiver and 0 LCELL
Warning (21074): Design contains 3 input pin(s) that do not drive logic
    Warning (15610): No output dependent on input pin "KEY[1]" File: C:/CS305/projectQuart/mouseTop.vhd Line: 9
    Warning (15610): No output dependent on input pin "KEY[2]" File: C:/CS305/projectQuart/mouseTop.vhd Line: 9
    Warning (15610): No output dependent on input pin "KEY[3]" File: C:/CS305/projectQuart/mouseTop.vhd Line: 9
Info (21057): Implemented 413 device resources after synthesis - the final resource count might be different
    Info (21058): Implemented 15 input pins
    Info (21059): Implemented 66 output pins
    Info (21060): Implemented 2 bidirectional pins
    Info (21061): Implemented 330 logic cells
Info: Quartus Prime Analysis & Synthesis was successful. 0 errors, 12 warnings
    Info: Peak virtual memory: 4956 megabytes
    Info: Processing ended: Thu May 07 15:03:36 2026
    Info: Elapsed time: 00:00:10
    Info: Total CPU time (on all processors): 00:00:21


